[0.191s] Invoking command in '/home/olel/Projects/FPMagangBayu24/build/translator': AMENT_PREFIX_PATH=/home/olel/Projects/FPMagangBayu24/install/arm_interfaces:${AMENT_PREFIX_PATH} CMAKE_PREFIX_PATH=/home/olel/Projects/FPMagangBayu24/install/arm_interfaces LD_LIBRARY_PATH=/home/olel/Projects/FPMagangBayu24/install/arm_interfaces/lib:${LD_LIBRARY_PATH} PYTHONPATH=/home/olel/Projects/FPMagangBayu24/install/arm_interfaces/lib/python3.8/site-packages:${PYTHONPATH} /usr/local/bin/cmake /home/olel/Projects/FPMagangBayu24/src/translator -DCMAKE_INSTALL_PREFIX=/home/olel/Projects/FPMagangBayu24/install/translator
[0.199s] -- Found ament_cmake: 0.9.12 (/opt/ros/foxy/share/ament_cmake/cmake)
[0.200s] [33mCMake Warning (dev) at /opt/ros/foxy/share/ament_cmake_core/cmake/core/python.cmake:22 (find_package):
[0.201s]   Policy CMP0148 is not set: The FindPythonInterp and FindPythonLibs modules
[0.201s]   are removed.  Run "cmake --help-policy CMP0148" for policy details.  Use
[0.201s]   the cmake_policy command to set the policy and suppress this warning.
[0.201s] 
[0.201s] Call Stack (most recent call first):
[0.201s]   /opt/ros/foxy/share/ament_cmake_core/cmake/core/all.cmake:53 (include)
[0.201s]   /opt/ros/foxy/share/ament_cmake_core/cmake/ament_cmake_core-extras.cmake:17 (include)
[0.201s]   /opt/ros/foxy/share/ament_cmake_core/cmake/ament_cmake_coreConfig.cmake:41 (include)
[0.201s]   /opt/ros/foxy/share/ament_cmake/cmake/ament_cmake_export_dependencies-extras.cmake:15 (find_package)
[0.201s]   /opt/ros/foxy/share/ament_cmake/cmake/ament_cmakeConfig.cmake:41 (include)
[0.201s]   CMakeLists.txt:19 (find_package)
[0.201s] This warning is for project developers.  Use -Wno-dev to suppress it.
[0.202s] [0m
[0.223s] -- Using PYTHON_EXECUTABLE: /usr/bin/python3
[0.343s] -- Found rclcpp: 2.4.3 (/opt/ros/foxy/share/rclcpp/cmake)
[0.367s] -- Using all available rosidl_typesupport_c: rosidl_typesupport_fastrtps_c;rosidl_typesupport_introspection_c
[0.369s] -- Found rosidl_adapter: 1.3.1 (/opt/ros/foxy/share/rosidl_adapter/cmake)
[0.455s] -- Using all available rosidl_typesupport_cpp: rosidl_typesupport_fastrtps_cpp;rosidl_typesupport_introspection_cpp
[0.488s] -- Found rmw_implementation_cmake: 1.0.4 (/opt/ros/foxy/share/rmw_implementation_cmake/cmake)
[0.489s] -- Using RMW implementation 'rmw_fastrtps_cpp' as default
[0.582s] -- Found arm_interfaces: 0.0.0 (/home/olel/Projects/FPMagangBayu24/install/arm_interfaces/share/arm_interfaces/cmake)
[0.590s] -- Found ament_lint_auto: 0.9.8 (/opt/ros/foxy/share/ament_lint_auto/cmake)
[0.628s] Error parsing '/home/olel/Projects/FPMagangBayu24/src/translator/package.xml':
[0.707s] Traceback (most recent call last):
[0.707s]   File "/usr/lib/python3/dist-packages/catkin_pkg/package.py", line 610, in parse_package_string
[0.708s]     root = dom.parseString(data)
[0.708s]   File "/usr/lib/python3.8/xml/dom/minidom.py", line 1969, in parseString
[0.708s]     return expatbuilder.parseString(string)
[0.708s]   File "/usr/lib/python3.8/xml/dom/expatbuilder.py", line 925, in parseString
[0.708s]     return builder.parseString(string)
[0.708s]   File "/usr/lib/python3.8/xml/dom/expatbuilder.py", line 223, in parseString
[0.708s]     parser.Parse(string, True)
[0.708s] xml.parsers.expat.ExpatError: mismatched tag: line 21, column 2
[0.708s] 
[0.708s] During handling of the above exception, another exception occurred:
[0.708s] 
[0.708s] Traceback (most recent call last):
[0.709s]   File "/opt/ros/foxy/share/ament_cmake_core/cmake/core/package_xml_2_cmake.py", line 143, in <module>
[0.709s]     main()
[0.709s]   File "/opt/ros/foxy/share/ament_cmake_core/cmake/core/package_xml_2_cmake.py", line 52, in main
[0.709s]     raise e
[0.709s]   File "/opt/ros/foxy/share/ament_cmake_core/cmake/core/package_xml_2_cmake.py", line 48, in main
[0.709s]     package = parse_package_string(
[0.709s]   File "/usr/lib/python3/dist-packages/catkin_pkg/package.py", line 612, in parse_package_string
[0.709s]     raise InvalidPackage('The manifest contains invalid XML:\n%s' % ex, filename)
[0.709s] catkin_pkg.package.InvalidPackage: Error(s) in package '/home/olel/Projects/FPMagangBayu24/src/translator/package.xml':
[0.709s] The manifest contains invalid XML:
[0.709s] mismatched tag: line 21, column 2
[0.733s] [31mCMake Error at /opt/ros/foxy/share/ament_cmake_core/cmake/core/ament_package_xml.cmake:94 (message):
[0.733s]   execute_process(/usr/bin/python3
[0.733s]   /opt/ros/foxy/share/ament_cmake_core/cmake/core/package_xml_2_cmake.py
[0.733s]   /home/olel/Projects/FPMagangBayu24/src/translator/package.xml
[0.734s]   /home/olel/Projects/FPMagangBayu24/build/translator/ament_cmake_core/package.cmake)
[0.734s]   returned error code 1
[0.734s] Call Stack (most recent call first):
[0.734s]   /opt/ros/foxy/share/ament_cmake_core/cmake/core/ament_package_xml.cmake:49 (_ament_package_xml)
[0.734s]   /opt/ros/foxy/share/ament_lint_auto/cmake/ament_lint_auto_find_test_dependencies.cmake:31 (ament_package_xml)
[0.734s]   CMakeLists.txt:41 (ament_lint_auto_find_test_dependencies)
[0.734s] 
[0.734s] [0m
[0.734s] -- Configuring incomplete, errors occurred!
[0.743s] Invoked command in '/home/olel/Projects/FPMagangBayu24/build/translator' returned '1': AMENT_PREFIX_PATH=/home/olel/Projects/FPMagangBayu24/install/arm_interfaces:${AMENT_PREFIX_PATH} CMAKE_PREFIX_PATH=/home/olel/Projects/FPMagangBayu24/install/arm_interfaces LD_LIBRARY_PATH=/home/olel/Projects/FPMagangBayu24/install/arm_interfaces/lib:${LD_LIBRARY_PATH} PYTHONPATH=/home/olel/Projects/FPMagangBayu24/install/arm_interfaces/lib/python3.8/site-packages:${PYTHONPATH} /usr/local/bin/cmake /home/olel/Projects/FPMagangBayu24/src/translator -DCMAKE_INSTALL_PREFIX=/home/olel/Projects/FPMagangBayu24/install/translator
