[0.000000] (-) TimerEvent: {}
[0.000195] (-) JobUnselected: {'identifier': 'arm_interfaces'}
[0.000257] (-) JobUnselected: {'identifier': 'control'}
[0.000287] (-) JobUnselected: {'identifier': 'vision'}
[0.000329] (translator) JobQueued: {'identifier': 'translator', 'dependencies': OrderedDict([('arm_interfaces', '/home/olel/Projects/FPMagangBayu24/install/arm_interfaces')])}
[0.000365] (translator) JobStarted: {'identifier': 'translator'}
[0.100199] (-) TimerEvent: {}
[0.188859] (translator) JobProgress: {'identifier': 'translator', 'progress': 'cmake'}
[0.189727] (translator) Command: {'cmd': ['/usr/local/bin/cmake', '/home/olel/Projects/FPMagangBayu24/src/translator', '-DCMAKE_INSTALL_PREFIX=/home/olel/Projects/FPMagangBayu24/install/translator'], 'cwd': '/home/olel/Projects/FPMagangBayu24/build/translator', 'env': OrderedDict([('GJS_DEBUG_TOPICS', 'JS ERROR;JS LOG'), ('LESSOPEN', '| /usr/bin/lesspipe %s'), ('USER', 'olel'), ('LC_TIME', 'id_ID.UTF-8'), ('SSH_AGENT_PID', '1443'), ('XDG_SESSION_TYPE', 'x11'), ('GIT_ASKPASS', '/usr/share/code/resources/app/extensions/git/dist/askpass.sh'), ('SHLVL', '1'), ('LD_LIBRARY_PATH', '/home/olel/Projects/FPMagangBayu24/install/arm_interfaces/lib:/opt/ros/foxy/opt/yaml_cpp_vendor/lib:/opt/ros/foxy/opt/rviz_ogre_vendor/lib:/opt/ros/foxy/lib/x86_64-linux-gnu:/opt/ros/foxy/lib'), ('HOME', '/home/olel'), ('CHROME_DESKTOP', 'code-url-handler.desktop'), ('TERM_PROGRAM_VERSION', '1.86.2'), ('DESKTOP_SESSION', 'ubuntu'), ('GIO_LAUNCHED_DESKTOP_FILE', '/usr/share/applications/code.desktop'), ('ROS_PYTHON_VERSION', '3'), ('GNOME_SHELL_SESSION_MODE', 'ubuntu'), ('GTK_MODULES', 'gail:atk-bridge'), ('VSCODE_GIT_ASKPASS_MAIN', '/usr/share/code/resources/app/extensions/git/dist/askpass-main.js'), ('LC_MONETARY', 'id_ID.UTF-8'), ('VSCODE_GIT_ASKPASS_NODE', '/usr/share/code/code'), ('MANAGERPID', '1180'), ('DBUS_SESSION_BUS_ADDRESS', 'unix:path=/run/user/1000/bus'), ('COLORTERM', 'truecolor'), ('GIO_LAUNCHED_DESKTOP_FILE_PID', '10600'), ('IM_CONFIG_PHASE', '1'), ('ROS_DISTRO', 'foxy'), ('LOGNAME', 'olel'), ('JOURNAL_STREAM', '8:42477'), ('_', '/usr/bin/colcon'), ('ROS_VERSION', '2'), ('XDG_SESSION_CLASS', 'user'), ('USERNAME', 'olel'), ('TERM', 'xterm-256color'), ('GNOME_DESKTOP_SESSION_ID', 'this-is-deprecated'), ('ROS_LOCALHOST_ONLY', '0'), ('WINDOWPATH', '2'), ('PATH', '/opt/ros/foxy/bin:/home/olel/.local/bin:/home/olel/.local/bin:/usr/local/sbin:/usr/local/bin:/usr/sbin:/usr/bin:/sbin:/bin:/usr/games:/usr/local/games:/snap/bin'), ('SESSION_MANAGER', 'local/olel-ROG-Flow-X16-GV601RE-GV601RE:@/tmp/.ICE-unix/1518,unix/olel-ROG-Flow-X16-GV601RE-GV601RE:/tmp/.ICE-unix/1518'), ('INVOCATION_ID', '791b9287897a43eab41944ce3e97fabd'), ('XDG_MENU_PREFIX', 'gnome-'), ('LC_ADDRESS', 'id_ID.UTF-8'), ('XDG_RUNTIME_DIR', '/run/user/1000'), ('GDK_BACKEND', 'x11'), ('DISPLAY', ':0'), ('LANG', 'en_US.UTF-8'), ('XDG_CURRENT_DESKTOP', 'Unity'), ('LC_TELEPHONE', 'id_ID.UTF-8'), ('XMODIFIERS', '@im=ibus'), ('XDG_SESSION_DESKTOP', 'ubuntu'), ('XAUTHORITY', '/run/user/1000/gdm/Xauthority'), ('LS_COLORS', 'rs=0:di=01;34:ln=01;36:mh=00:pi=40;33:so=01;35:do=01;35:bd=40;33;01:cd=40;33;01:or=40;31;01:mi=00:su=37;41:sg=30;43:ca=30;41:tw=30;42:ow=34;42:st=37;44:ex=01;32:*.tar=01;31:*.tgz=01;31:*.arc=01;31:*.arj=01;31:*.taz=01;31:*.lha=01;31:*.lz4=01;31:*.lzh=01;31:*.lzma=01;31:*.tlz=01;31:*.txz=01;31:*.tzo=01;31:*.t7z=01;31:*.zip=01;31:*.z=01;31:*.dz=01;31:*.gz=01;31:*.lrz=01;31:*.lz=01;31:*.lzo=01;31:*.xz=01;31:*.zst=01;31:*.tzst=01;31:*.bz2=01;31:*.bz=01;31:*.tbz=01;31:*.tbz2=01;31:*.tz=01;31:*.deb=01;31:*.rpm=01;31:*.jar=01;31:*.war=01;31:*.ear=01;31:*.sar=01;31:*.rar=01;31:*.alz=01;31:*.ace=01;31:*.zoo=01;31:*.cpio=01;31:*.7z=01;31:*.rz=01;31:*.cab=01;31:*.wim=01;31:*.swm=01;31:*.dwm=01;31:*.esd=01;31:*.jpg=01;35:*.jpeg=01;35:*.mjpg=01;35:*.mjpeg=01;35:*.gif=01;35:*.bmp=01;35:*.pbm=01;35:*.pgm=01;35:*.ppm=01;35:*.tga=01;35:*.xbm=01;35:*.xpm=01;35:*.tif=01;35:*.tiff=01;35:*.png=01;35:*.svg=01;35:*.svgz=01;35:*.mng=01;35:*.pcx=01;35:*.mov=01;35:*.mpg=01;35:*.mpeg=01;35:*.m2v=01;35:*.mkv=01;35:*.webm=01;35:*.ogm=01;35:*.mp4=01;35:*.m4v=01;35:*.mp4v=01;35:*.vob=01;35:*.qt=01;35:*.nuv=01;35:*.wmv=01;35:*.asf=01;35:*.rm=01;35:*.rmvb=01;35:*.flc=01;35:*.avi=01;35:*.fli=01;35:*.flv=01;35:*.gl=01;35:*.dl=01;35:*.xcf=01;35:*.xwd=01;35:*.yuv=01;35:*.cgm=01;35:*.emf=01;35:*.ogv=01;35:*.ogx=01;35:*.aac=00;36:*.au=00;36:*.flac=00;36:*.m4a=00;36:*.mid=00;36:*.midi=00;36:*.mka=00;36:*.mp3=00;36:*.mpc=00;36:*.ogg=00;36:*.ra=00;36:*.wav=00;36:*.oga=00;36:*.opus=00;36:*.spx=00;36:*.xspf=00;36:'), ('VSCODE_GIT_IPC_HANDLE', '/run/user/1000/vscode-git-180af5a434.sock'), ('TERM_PROGRAM', 'vscode'), ('SSH_AUTH_SOCK', '/run/user/1000/keyring/ssh'), ('AMENT_PREFIX_PATH', '/home/olel/Projects/FPMagangBayu24/install/arm_interfaces:/opt/ros/foxy'), ('ORIGINAL_XDG_CURRENT_DESKTOP', 'ubuntu:GNOME'), ('SHELL', '/bin/bash'), ('LC_NAME', 'id_ID.UTF-8'), ('QT_ACCESSIBILITY', '1'), ('GDMSESSION', 'ubuntu'), ('LESSCLOSE', '/usr/bin/lesspipe %s %s'), ('LC_MEASUREMENT', 'id_ID.UTF-8'), ('GPG_AGENT_INFO', '/run/user/1000/gnupg/S.gpg-agent:0:1'), ('GJS_DEBUG_OUTPUT', 'stderr'), ('LC_IDENTIFICATION', 'id_ID.UTF-8'), ('VSCODE_GIT_ASKPASS_EXTRA_ARGS', ''), ('QT_IM_MODULE', 'ibus'), ('PWD', '/home/olel/Projects/FPMagangBayu24/build/translator'), ('LC_ALL', 'en_US.UTF-8'), ('XDG_CONFIG_DIRS', '/etc/xdg/xdg-ubuntu:/etc/xdg'), ('XDG_DATA_DIRS', '/usr/share/ubuntu:/usr/local/share/:/usr/share/:/var/lib/snapd/desktop'), ('PYTHONPATH', '/home/olel/Projects/FPMagangBayu24/install/arm_interfaces/lib/python3.8/site-packages:/opt/ros/foxy/lib/python3.8/site-packages'), ('LC_NUMERIC', 'id_ID.UTF-8'), ('LC_PAPER', 'id_ID.UTF-8'), ('COLCON', '1'), ('CMAKE_PREFIX_PATH', '/home/olel/Projects/FPMagangBayu24/install/arm_interfaces')]), 'shell': False}
[0.199591] (translator) StdoutLine: {'line': b'-- Found ament_cmake: 0.9.12 (/opt/ros/foxy/share/ament_cmake/cmake)\n'}
[0.200294] (-) TimerEvent: {}
[0.200666] (translator) StderrLine: {'line': b'\x1b[33mCMake Warning (dev) at /opt/ros/foxy/share/ament_cmake_core/cmake/core/python.cmake:22 (find_package):\n'}
[0.200874] (translator) StderrLine: {'line': b'  Policy CMP0148 is not set: The FindPythonInterp and FindPythonLibs modules\n'}
[0.200983] (translator) StderrLine: {'line': b'  are removed.  Run "cmake --help-policy CMP0148" for policy details.  Use\n'}
[0.201071] (translator) StderrLine: {'line': b'  the cmake_policy command to set the policy and suppress this warning.\n'}
[0.201154] (translator) StderrLine: {'line': b'\n'}
[0.201240] (translator) StderrLine: {'line': b'Call Stack (most recent call first):\n'}
[0.201319] (translator) StderrLine: {'line': b'  /opt/ros/foxy/share/ament_cmake_core/cmake/core/all.cmake:53 (include)\n'}
[0.201394] (translator) StderrLine: {'line': b'  /opt/ros/foxy/share/ament_cmake_core/cmake/ament_cmake_core-extras.cmake:17 (include)\n'}
[0.201468] (translator) StderrLine: {'line': b'  /opt/ros/foxy/share/ament_cmake_core/cmake/ament_cmake_coreConfig.cmake:41 (include)\n'}
[0.201543] (translator) StderrLine: {'line': b'  /opt/ros/foxy/share/ament_cmake/cmake/ament_cmake_export_dependencies-extras.cmake:15 (find_package)\n'}
[0.201615] (translator) StderrLine: {'line': b'  /opt/ros/foxy/share/ament_cmake/cmake/ament_cmakeConfig.cmake:41 (include)\n'}
[0.201687] (translator) StderrLine: {'line': b'  CMakeLists.txt:19 (find_package)\n'}
[0.201760] (translator) StderrLine: {'line': b'This warning is for project developers.  Use -Wno-dev to suppress it.\n'}
[0.201831] (translator) StderrLine: {'line': b'\x1b[0m\n'}
[0.222776] (translator) StdoutLine: {'line': b'-- Using PYTHON_EXECUTABLE: /usr/bin/python3\n'}
[0.300448] (-) TimerEvent: {}
[0.342842] (translator) StdoutLine: {'line': b'-- Found rclcpp: 2.4.3 (/opt/ros/foxy/share/rclcpp/cmake)\n'}
[0.366728] (translator) StdoutLine: {'line': b'-- Using all available rosidl_typesupport_c: rosidl_typesupport_fastrtps_c;rosidl_typesupport_introspection_c\n'}
[0.369032] (translator) StdoutLine: {'line': b'-- Found rosidl_adapter: 1.3.1 (/opt/ros/foxy/share/rosidl_adapter/cmake)\n'}
[0.400583] (-) TimerEvent: {}
[0.455678] (translator) StdoutLine: {'line': b'-- Using all available rosidl_typesupport_cpp: rosidl_typesupport_fastrtps_cpp;rosidl_typesupport_introspection_cpp\n'}
[0.488439] (translator) StdoutLine: {'line': b'-- Found rmw_implementation_cmake: 1.0.4 (/opt/ros/foxy/share/rmw_implementation_cmake/cmake)\n'}
[0.489345] (translator) StdoutLine: {'line': b"-- Using RMW implementation 'rmw_fastrtps_cpp' as default\n"}
[0.500690] (-) TimerEvent: {}
[0.582639] (translator) StdoutLine: {'line': b'-- Found arm_interfaces: 0.0.0 (/home/olel/Projects/FPMagangBayu24/install/arm_interfaces/share/arm_interfaces/cmake)\n'}
[0.589935] (translator) StdoutLine: {'line': b'-- Found ament_lint_auto: 0.9.8 (/opt/ros/foxy/share/ament_lint_auto/cmake)\n'}
[0.600796] (-) TimerEvent: {}
[0.628668] (translator) StderrLine: {'line': b"Error parsing '/home/olel/Projects/FPMagangBayu24/src/translator/package.xml':\n"}
[0.700934] (-) TimerEvent: {}
[0.707459] (translator) StderrLine: {'line': b'Traceback (most recent call last):\n'}
[0.707692] (translator) StderrLine: {'line': b'  File "/usr/lib/python3/dist-packages/catkin_pkg/package.py", line 610, in parse_package_string\n'}
[0.707812] (translator) StderrLine: {'line': b'    root = dom.parseString(data)\n'}
[0.707907] (translator) StderrLine: {'line': b'  File "/usr/lib/python3.8/xml/dom/minidom.py", line 1969, in parseString\n'}
[0.707991] (translator) StderrLine: {'line': b'    return expatbuilder.parseString(string)\n'}
[0.708074] (translator) StderrLine: {'line': b'  File "/usr/lib/python3.8/xml/dom/expatbuilder.py", line 925, in parseString\n'}
[0.708166] (translator) StderrLine: {'line': b'    return builder.parseString(string)\n'}
[0.708256] (translator) StderrLine: {'line': b'  File "/usr/lib/python3.8/xml/dom/expatbuilder.py", line 223, in parseString\n'}
[0.708349] (translator) StderrLine: {'line': b'    parser.Parse(string, True)\n'}
[0.708429] (translator) StderrLine: {'line': b'xml.parsers.expat.ExpatError: mismatched tag: line 21, column 2\n'}
[0.708511] (translator) StderrLine: {'line': b'\n'}
[0.708592] (translator) StderrLine: {'line': b'During handling of the above exception, another exception occurred:\n'}
[0.708684] (translator) StderrLine: {'line': b'\n'}
[0.708760] (translator) StderrLine: {'line': b'Traceback (most recent call last):\n'}
[0.708840] (translator) StderrLine: {'line': b'  File "/opt/ros/foxy/share/ament_cmake_core/cmake/core/package_xml_2_cmake.py", line 143, in <module>\n'}
[0.708930] (translator) StderrLine: {'line': b'    main()\n'}
[0.709015] (translator) StderrLine: {'line': b'  File "/opt/ros/foxy/share/ament_cmake_core/cmake/core/package_xml_2_cmake.py", line 52, in main\n'}
[0.709092] (translator) StderrLine: {'line': b'    raise e\n'}
[0.709176] (translator) StderrLine: {'line': b'  File "/opt/ros/foxy/share/ament_cmake_core/cmake/core/package_xml_2_cmake.py", line 48, in main\n'}
[0.709260] (translator) StderrLine: {'line': b'    package = parse_package_string(\n'}
[0.709358] (translator) StderrLine: {'line': b'  File "/usr/lib/python3/dist-packages/catkin_pkg/package.py", line 612, in parse_package_string\n'}
[0.709435] (translator) StderrLine: {'line': b"    raise InvalidPackage('The manifest contains invalid XML:\\n%s' % ex, filename)\n"}
[0.709511] (translator) StderrLine: {'line': b"catkin_pkg.package.InvalidPackage: Error(s) in package '/home/olel/Projects/FPMagangBayu24/src/translator/package.xml':\n"}
[0.709615] (translator) StderrLine: {'line': b'The manifest contains invalid XML:\n'}
[0.709709] (translator) StderrLine: {'line': b'mismatched tag: line 21, column 2\n'}
[0.733276] (translator) StderrLine: {'line': b'\x1b[31mCMake Error at /opt/ros/foxy/share/ament_cmake_core/cmake/core/ament_package_xml.cmake:94 (message):\n'}
[0.733539] (translator) StderrLine: {'line': b'  execute_process(/usr/bin/python3\n'}
[0.733682] (translator) StderrLine: {'line': b'  /opt/ros/foxy/share/ament_cmake_core/cmake/core/package_xml_2_cmake.py\n'}
[0.733779] (translator) StderrLine: {'line': b'  /home/olel/Projects/FPMagangBayu24/src/translator/package.xml\n'}
[0.733863] (translator) StderrLine: {'line': b'  /home/olel/Projects/FPMagangBayu24/build/translator/ament_cmake_core/package.cmake)\n'}
[0.733960] (translator) StderrLine: {'line': b'  returned error code 1\n'}
[0.734040] (translator) StderrLine: {'line': b'Call Stack (most recent call first):\n'}
[0.734126] (translator) StderrLine: {'line': b'  /opt/ros/foxy/share/ament_cmake_core/cmake/core/ament_package_xml.cmake:49 (_ament_package_xml)\n'}
[0.734204] (translator) StderrLine: {'line': b'  /opt/ros/foxy/share/ament_lint_auto/cmake/ament_lint_auto_find_test_dependencies.cmake:31 (ament_package_xml)\n'}
[0.734283] (translator) StderrLine: {'line': b'  CMakeLists.txt:41 (ament_lint_auto_find_test_dependencies)\n'}
[0.734362] (translator) StderrLine: {'line': b'\n'}
[0.734439] (translator) StderrLine: {'line': b'\x1b[0m\n'}
[0.734514] (translator) StdoutLine: {'line': b'-- Configuring incomplete, errors occurred!\n'}
[0.742680] (translator) CommandEnded: {'returncode': 1}
[0.743949] (translator) JobEnded: {'identifier': 'translator', 'rc': 1}
[0.754745] (-) EventReactorShutdown: {}
